// Jest Snapshot v1, https://goo.gl/fbAQLP

exports[`attribute.coffee 1`] = `
<div {...a} />
<div {a...} />
~~~~~~~~~~~~~~~~~~~~~~~~~~~~~~~~~~~~~~~~~~~~~~~~~~~~~~~~~~~~~~~~~~~~~~~~~~~~~~~~
<div {...a} />
<div {a...} />

`;
