// Jest Snapshot v1, https://goo.gl/fbAQLP

exports[`else.coffee 1`] = `
f = ->
  if position
    return name: pair
  else
    return {name: pair.substring(0, position), value: pair.substring(position + 1)}
~~~~~~~~~~~~~~~~~~~~~~~~~~~~~~~~~~~~~~~~~~~~~~~~~~~~~~~~~~~~~~~~~~~~~~~~~~~~~~~~
f = ->
  if position
    return { name: pair }
  else
    return {
      name: pair.substring(0, position)
      value: pair.substring(position + 1)
    }

`;
