// Jest Snapshot v1, https://goo.gl/fbAQLP

exports[`multiple.coffee 1`] = `
[...a, ...b,]
[...a, ...b]
[a..., b...,]
[a..., b...]
~~~~~~~~~~~~~~~~~~~~~~~~~~~~~~~~~~~~~~~~~~~~~~~~~~~~~~~~~~~~~~~~~~~~~~~~~~~~~~~~
[...a, ...b]
[...a, ...b]
[a..., b...]
[a..., b...]

`;
