// Jest Snapshot v1, https://goo.gl/fbAQLP

exports[`test.coffee 1`] = `
comp1 =
  <div style={styles} key="something">
    Keep the indentation
  </div>

comp2 = <div style={styles} key="something">
  Create indentation
</div>

comp4 = <div style={styles} key="something">Create indentation and indent <strong>all the things</strong>.</div>

comp5 = <div>Keep it on one line.</div>
~~~~~~~~~~~~~~~~~~~~~~~~~~~~~~~~~~~~~~~~~~~~~~~~~~~~~~~~~~~~~~~~~~~~~~~~~~~~~~~~
comp1 =
  <div style={styles} key="something">
    Keep the indentation
  </div>

comp2 =
  <div style={styles} key="something">
    Create indentation
  </div>

comp4 =
  <div style={styles} key="something">
    Create indentation and indent <strong>all the things</strong>.
  </div>

comp5 = <div>Keep it on one line.</div>

`;
