// Jest Snapshot v1, https://goo.gl/fbAQLP

exports[`escape.coffee 1`] = `
<div>&lt;</div>
~~~~~~~~~~~~~~~~~~~~~~~~~~~~~~~~~~~~~~~~~~~~~~~~~~~~~~~~~~~~~~~~~~~~~~~~~~~~~~~~
<div>&lt;</div>

`;

exports[`nbsp.coffee 1`] = `
many_nbsp = <div>&nbsp; &nbsp; </div>
single_nbsp = <div>&nbsp;</div>
nbsp_with_newline =
  <div>
    &nbsp;
  </div>

many_raw_nbsp = <div>   </div>
many_raw_spaces = <div>   </div>


amp = <span>foo &amp; bar</span>
raw_amp = <span>foo & bar</span>
~~~~~~~~~~~~~~~~~~~~~~~~~~~~~~~~~~~~~~~~~~~~~~~~~~~~~~~~~~~~~~~~~~~~~~~~~~~~~~~~
many_nbsp = <div>&nbsp; &nbsp; </div>
single_nbsp = <div>&nbsp;</div>
nbsp_with_newline = <div>&nbsp;</div>

many_raw_nbsp = <div>   </div>
many_raw_spaces = <div> </div>

amp = <span>foo &amp; bar</span>
raw_amp = <span>foo & bar</span>

`;
