// Jest Snapshot v1, https://goo.gl/fbAQLP

exports[`attr-element.coffee 1`] = `
<Foo prop={<Bar><Baz /></Bar>} />
<Foo prop={<><Bar><Baz /></Bar></>} />
~~~~~~~~~~~~~~~~~~~~~~~~~~~~~~~~~~~~~~~~~~~~~~~~~~~~~~~~~~~~~~~~~~~~~~~~~~~~~~~~
<Foo
  prop={
    <Bar>
      <Baz />
    </Bar>
  }
/>
<Foo
  prop={
    <>
      <Bar>
        <Baz />
      </Bar>
    </>
  }
/>

`;
