// Jest Snapshot v1, https://goo.gl/fbAQLP

exports[`assignment_expression.coffee 1`] = `
this.size = this._origin = this._capacity = 0
~~~~~~~~~~~~~~~~~~~~~~~~~~~~~~~~~~~~~~~~~~~~~~~~~~~~~~~~~~~~~~~~~~~~~~~~~~~~~~~~
this.size = this._origin = this._capacity = 0

`;
