// Jest Snapshot v1, https://goo.gl/fbAQLP

exports[`fragment.coffee 1`] = `
<></>

<>
   text
</>

<>
  <Component />
  <Component />
</>

<>
  text
  <h2>heading</h2>
  text
  <h2>heading</h2>
  text
</>

<div>
  <>
    <>
      <span>Hello</span>
      <span>world</span>
    </>
    <>
      <span>Goodbye</span>
      <span>world</span>
    </>
  </>
</div>
~~~~~~~~~~~~~~~~~~~~~~~~~~~~~~~~~~~~~~~~~~~~~~~~~~~~~~~~~~~~~~~~~~~~~~~~~~~~~~~~
<></>

<>text</>

<>
  <Component />
  <Component />
</>

<>
  text
  <h2>heading</h2>
  text
  <h2>heading</h2>
  text
</>

<div>
  <>
    <>
      <span>Hello</span>
      <span>world</span>
    </>
    <>
      <span>Goodbye</span>
      <span>world</span>
    </>
  </>
</div>

`;
